// Jest Snapshot v1, https://goo.gl/fbAQLP

exports[`sender should fetch a user 1`] = `
Object {
  "data": Object {
    "message": null,
  },
}
`;

exports[`should fetch a message 1`] = `
Object {
  "data": Object {
    "message": null,
  },
}
`;
