// Jest Snapshot v1, https://goo.gl/fbAQLP

exports[`should fetch a channels pending users 1`] = `
Object {
  "data": Object {
    "channel": Object {
      "id": "ce2b4488-4c75-47e0-8ebc-2539c1e6a192",
      "pendingUsers": Array [],
    },
  },
}
`;
