// Jest Snapshot v1, https://goo.gl/fbAQLP

exports[`should create a moderator in the community 1`] = `
Object {
  "data": Object {
    "addCommunityModerator": Object {
      "id": "ce2b4488-4c75-47e0-8ebc-2539c1e6a191",
    },
  },
}
`;
