// Jest Snapshot v1, https://goo.gl/fbAQLP

exports[`should remove a moderator in the community 1`] = `
Object {
  "data": Object {
    "removeCommunityModerator": true,
  },
}
`;
