// Jest Snapshot v1, https://goo.gl/fbAQLP

exports[`should unblock a member in the community 1`] = `
Object {
  "data": Object {
    "unblockCommunityMember": true,
  },
}
`;
