// Jest Snapshot v1, https://goo.gl/fbAQLP

exports[`messageConnection should fetch a threads messages 1`] = `
Object {
  "data": Object {
    "thread": Object {
      "messageConnection": Object {
        "edges": Array [
          Object {
            "node": Object {
              "id": "0063e9e6-8960-4dd4-96ab-f18bca4cf75f",
            },
          },
          Object {
            "node": Object {
              "id": "46814c43-9011-4f88-8ba0-94d52c316e71",
            },
          },
          Object {
            "node": Object {
              "id": "e0392713-adbb-461a-bcb6-f81d0e6c21f8",
            },
          },
          Object {
            "node": Object {
              "id": "78ce5bb4-3015-4eb9-ad4e-3e921883ceb3",
            },
          },
        ],
      },
    },
  },
}
`;
