// Jest Snapshot v1, https://goo.gl/fbAQLP

exports[`should fetch a communitys settings 1`] = `
Object {
  "data": Object {
    "community": Object {
      "brandedLogin": Object {
        "isEnabled": false,
        "message": null,
      },
      "id": "ce2b4488-4c75-47e0-8ebc-2539c1e6a191",
    },
  },
}
`;
