// Jest Snapshot v1, https://goo.gl/fbAQLP

exports[`should fetch a channel by id 1`] = `
Object {
  "data": Object {
    "channel": Object {
      "createdAt": "2016-12-31T23:00:00.000Z",
      "description": "General chatter",
      "id": "ce2b4488-4c75-47e0-8ebc-2539c1e6a192",
      "isPrivate": false,
      "name": "General",
      "slug": "general",
    },
  },
}
`;

exports[`should fetch a channel by slug and community slug 1`] = `
Object {
  "data": Object {
    "channel": Object {
      "createdAt": "2016-12-31T23:00:00.000Z",
      "description": "General chatter",
      "id": "ce2b4488-4c75-47e0-8ebc-2539c1e6a192",
      "isPrivate": false,
      "name": "General",
      "slug": "general",
    },
  },
}
`;

exports[`should fetch a channels blocked users 1`] = `
Object {
  "data": Object {
    "channel": Object {
      "blockedUsers": Array [],
      "id": "ce2b4488-4c75-47e0-8ebc-2539c1e6a192",
    },
  },
}
`;

exports[`should fetch a channels member connection 1`] = `
Object {
  "data": Object {
    "channel": Object {
      "id": "ce2b4488-4c75-47e0-8ebc-2539c1e6a192",
      "memberConnection": Object {
        "edges": Array [
          Object {
            "cursor": "Z1ZrNW1Zd2NjVU9FS2lONXZ0T291cXJvR0tvMS0x",
            "node": Object {
              "contextPermissions": null,
              "coverPhoto": "https://spectrum-imgp.imgix.net/https%3A%2F%2Fpbs.twimg.com%2Fprofile_banners%2F2451223458%2F1479507323%2F1500x500?w=640&h=192&ixlib=js-1.1.1&s=4d24c5f6290c8dfc5ccc7b92822cbf28",
              "description": "Makes styled-components, react-boilerplate and micro-analytics ðŸ’… Speciality coffee geek, skier, traveller â˜•",
              "firstName": null,
              "id": "gVk5mYwccUOEKiN5vtOouqroGKo1",
              "isOnline": null,
              "isPro": false,
              "name": "Max Stoiber",
              "profilePhoto": "https://spectrum-imgp.imgix.net/https%3A%2F%2Fimg.gs%2Fjztmrqvgzv%2F500%2Fmxstbr.com%2Fheadshot.jpeg?w=128&h=128&ixlib=js-1.1.1&s=a69e5728b3d22482db14a9e55628fffe",
              "timezone": null,
              "username": "mxstbr",
              "website": "https://mxstbr.com",
            },
          },
          Object {
            "cursor": "MDFwMkE3a0RDV1VqR2o2elFMbE1RVU9TUUw0Mi0y",
            "node": Object {
              "contextPermissions": null,
              "coverPhoto": "https://spectrum-imgp.imgix.net/https%3A%2F%2Fpbs.twimg.com%2Fprofile_banners%2F465068802%2F1490051733%2F1500x500?w=640&h=192&ixlib=js-1.1.1&s=f0f258219cd1a658d2659b2e49ee575c",
              "description": "Chief Nice Boyâ„¢",
              "firstName": null,
              "id": "01p2A7kDCWUjGj6zQLlMQUOSQL42",
              "isOnline": null,
              "isPro": false,
              "name": "Brian Lovin",
              "profilePhoto": "https://spectrum-imgp.imgix.net/https%3A%2F%2Fpbs.twimg.com%2Fprofile_images%2F570313913648955392%2Fcf4tgX7M_bigger.jpeg?w=128&h=128&ixlib=js-1.1.1&s=180a063278507bcc3c847db99bf037ad",
              "timezone": null,
              "username": "brian",
              "website": "https://brianlovin.com",
            },
          },
          Object {
            "cursor": "VlRvS2NkZTE2ZFJFZ0RrWGNEbDNoaGNyRk4zMy0z",
            "node": Object {
              "contextPermissions": null,
              "coverPhoto": "https://spectrum-imgp.imgix.net/https%3A%2F%2Fpbs.twimg.com%2Fprofile_banners%2F17106008%2F1491444958%2F1500x500?w=640&h=192&ixlib=js-1.1.1&s=f544283ec86a42694f40b2d6c462d695",
              "description": "full-stack flapjack",
              "firstName": null,
              "id": "VToKcde16dREgDkXcDl3hhcrFN33",
              "isOnline": null,
              "isPro": false,
              "name": "Bryn Jackson",
              "profilePhoto": "https://spectrum-imgp.imgix.net/https%3A%2F%2Fpbs.twimg.com%2Fprofile_images%2F848823167699230721%2F-9CbPtto_bigger.jpg?w=128&h=128&ixlib=js-1.1.1&s=fc14b0aafec83958dc1896b0c899b68c",
              "timezone": null,
              "username": "bryn",
              "website": "https://bryn.io",
            },
          },
        ],
        "pageInfo": Object {
          "hasNextPage": false,
          "hasPreviousPage": null,
        },
      },
    },
  },
  "errors": Array [
    [GraphQLError: Cannot read property 'value' of null],
    [GraphQLError: Cannot read property 'value' of null],
    [GraphQLError: Cannot read property 'value' of null],
  ],
}
`;

exports[`should fetch a channels pending users 1`] = `
Object {
  "data": Object {
    "channel": Object {
      "id": "ce2b4488-4c75-47e0-8ebc-2539c1e6a192",
      "pendingUsers": Array [],
    },
  },
}
`;
