// Jest Snapshot v1, https://goo.gl/fbAQLP

exports[`should fetch a communities threads 1`] = `
Object {
  "data": Object {
    "community": Object {
      "threadConnection": Object {
        "edges": Array [
          Object {
            "node": Object {
              "content": Object {
                "title": "Yet another thread",
              },
            },
          },
          Object {
            "node": Object {
              "content": Object {
                "title": "Another thread",
              },
            },
          },
          Object {
            "node": Object {
              "content": Object {
                "title": "The first thread! ðŸŽ‰",
              },
            },
          },
        ],
      },
    },
  },
}
`;

exports[`should fetch a community 1`] = `
Object {
  "data": Object {
    "community": Object {
      "coverPhoto": "https://spectrum.imgix.net/communities/-Kh6RfPYjmSaIWbkck8i/Twitter Header.png.0.3303118636071434",
      "createdAt": "2016-12-31T23:00:00.000Z",
      "description": "The future of communities",
      "id": "ce2b4488-4c75-47e0-8ebc-2539c1e6a191",
      "profilePhoto": "https://spectrum.imgix.net/communities/-Kh6RfPYjmSaIWbkck8i/Twitter Profile.png.0.6225566835336693",
      "slug": "spectrum",
      "website": "https://spectrum.chat",
    },
  },
}
`;
