// Jest Snapshot v1, https://goo.gl/fbAQLP

exports[`should fetch a thread 1`] = `
Object {
  "data": Object {
    "thread": Object {
      "attachments": Array [],
      "content": Object {
        "body": "{\\"blocks\\":[{\\"key\\":\\"cn0uc\\",\\"text\\":\\"This is it, we got a thread here\\",\\"type\\":\\"unstyled\\",\\"depth\\":0,\\"inlineStyleRanges\\":[],\\"entityRanges\\":[],\\"data\\":{}}],\\"entityMap\\":{}}",
        "title": "The first thread! ðŸŽ‰",
      },
      "createdAt": "2016-12-31T23:00:00.000Z",
      "id": "ce2b4488-4c75-47e0-8ebc-2539c1e6a193",
      "isLocked": false,
      "isPublished": true,
      "lastActive": "2016-12-31T23:00:00.000Z",
      "modifiedAt": "2016-12-31T23:00:00.000Z",
      "type": "DRAFTJS",
      "watercooler": null,
    },
  },
}
`;
