// Jest Snapshot v1, https://goo.gl/fbAQLP

exports[`should create a moderator in the community 1`] = `
Object {
  "data": Object {
    "addCommunityModerator": true,
  },
}
`;
